<!DOCTYPE html>
<html xml:lang="en" lang="en">
	<head>
		<meta charset="utf-8">
		<meta http-equiv="X-UA-Compatible" content="IE=edge">
        <!-- Google Tag Manager -->
        <script type="75b4f489a850037a95f5f752-text/javascript">
        
            (function(w,d,s,l,i){w[l]=w[l]||[];w[l].push({'gtm.start':
            new Date().getTime(),event:'gtm.js'});var f=d.getElementsByTagName(s)[0],
            j=d.createElement(s),dl=l!='dataLayer'?'&l='+l:'';j.async=true;j.src=
            'https://www.googletagmanager.com/gtm.js?id='+i+dl;f.parentNode.insertBefore(j,f);
            })(window,document,'script','dataLayer','GTM-WZPP3HV');    
        
        </script>
        <!-- End Google Tag Manager -->
		<link rel="shortcut icon" type="image/x-icon" href="/images/favicon.png">

		<!-- meta -->
        <title>A Certain Magical Index (light novel) | Novels | Yen Press</title>
        <meta name="description" content="Science and magic have come together once again to create this never-before-seen folio of A Certain Magical Index! The arcane pages of the Old Testament Omnibus">
		<meta name="keywords" content="">
		<meta name="viewport" content="width=device-width, initial-scale=1.0 maximum-scale=1">
		<meta name="apple-mobile-web-app-capable" content="yes">
		<meta property="og:image" content="/images/og-image.jpg">

		<link rel="stylesheet" href="/css/style.css?v=20250401v5"/>

        <script id="Cookiebot" src="https://consent.cookiebot.com/uc.js" data-cbid="7560650b-9d6d-4092-b1c3-93eb76c43642" type="75b4f489a850037a95f5f752-text/javascript"></script>
		<script type="75b4f489a850037a95f5f752-text/javascript">
			var _webroot = '/';
			var _controller = 'Series';
			var _action = 'view';
			var _here = 'https://yenpress.com/series/a-certain-magical-index-light-novel';
			var _root = '/'; 
			var _language ='en';
			var _base = '/';
            var _elastic = {"url":"https:\/\/enterprise-search.yenpress.com\/","engine":"yenpress","search_key":"search-vhfh3tijxttuxhjjmzgajcd4","user":"elastic"};
		</script>
                    <link rel="canonical" href="/series/a-certain-magical-index-light-novel">
        		<link rel="preconnect" href="https://fonts.googleapis.com">
		<link rel="preconnect" href="https://fonts.gstatic.com" crossorigin>
		<link href="https://fonts.googleapis.com/css2?family=Open+Sans:wght@400;500;600;700;800&display=swap" rel="stylesheet"> 	
                	</head>
    <body class="">
        <!-- Google Tag Manager (noscript) -->
        <noscript><iframe src="https://www.googletagmanager.com/ns.html?id=GTM-WZPP3HV"
        height="0" width="0" style="display:none;visibility:hidden"></iframe></noscript>
        <!-- End Google Tag Manager (noscript) -->

	    <div class="smooth-scroll" data-scroll-container>

<header class="header prel">
            <!-- imprint pages - add class imrpint-header -->
    <div class="header-menu ">
        <img class="header-bg" src="/images/header/logo-shadow.png" alt="header-bg">
        <!-- imprint pages - add class imprints -->
        <a class="logo" href="/">
            <img class="" src="/images/header/logo.svg" alt="logo">
        </a>
        <!-- imprint pages - add class imprint-header -->
                <!-- imprint pages - add class imprint-header -->
        <nav class="link-holder ">
            <div class="links" style="background-image: url('/images/mobile-menu-bg.jpg')">
                <div class="imprints-mobile-menu">
                    <div class="imprints-side">
                        <a class="imprints" href="/imprint/yp">
                            <img alt="Yen Press" class="b-lazy b-loaded" src="/images/imprints/ul-yp.svg">
                        </a>
                        <a class="imprints" href="/imprint/yen-on">
                            <img alt="Yen On" class="b-lazy b-loaded" src="/images/imprints/ul-yen-on.svg">
                        </a>
                        <a class="imprints" href="/imprint/jy">
                            <img alt="JY" class="b-lazy b-loaded" src="/images/imprints/ul-jy.svg">
                        </a>
                    </div>
                    <div class="imprints-side">
                        <a class="imprints" href="/imprint/yen-audio">
                            <img alt="Yen Audio" class="b-lazy b-loaded" src="/images/imprints/ul-yen-audio.svg">
                        </a>
                        <a class="imprints" href="/imprint/ize">
                            <img alt="Ize Press" class="b-lazy b-loaded" src="/images/imprints/ul-ize.svg">
                        </a>
                        <a class="imprints" href="/imprint/jnc">
                            <img data-src="/images/imprints/ul-jnc.svg" alt="J-Novel Club" class="b-lazy b-error">
                        </a>
                    </div>
                    <p class="upper paragraph white imprint-label">imprints:</p>
                </div>
                                <!--  -->
                
                <ul class="header-ul">
                    <li class="header-li">
                        <a href="/category/light-novels" class="menu-items menu-title">
                            <div>NOVELS
                                <div class="menu-arrow-down">
                                    <svg xmlns="http://www.w3.org/2000/svg" width="12" height="9" viewBox="0 0 12 9" fill="none">
                                        <path d="M1 1L5.82609 6.52174L11 1" stroke="#484848" stroke-width="2"/>
                                    </svg>
                                </div>
                            </div>
                        </a>
                        <!--  -->
                        <div class="dropdown-menu-holder">
                            <img class="dropdown-bg b-lazy" data-src="/images/header/dropdown-background.png" alt="dropdown-bg-novels">
                            <div class="dropdown-menu novels">
                                <div class="menu-filter">
                                    <span class="filter-by-label">FILTER BY:</span>
                                                                            <a href="/genres?category=light-novels&genre=action-and-adventure" class="filter-item">Action and Adventure</a>
                                                                            <a href="/genres?category=light-novels&genre=comedy" class="filter-item">Comedy</a>
                                                                            <a href="/genres?category=light-novels&genre=crime-and-mystery" class="filter-item">Crime and Mystery</a>
                                                                            <a href="/genres?category=light-novels&genre=drama" class="filter-item">Drama</a>
                                                                            <a href="/genres?category=light-novels&genre=fantasy" class="filter-item">Fantasy</a>
                                                                            <a href="/genres?category=light-novels&genre=horror" class="filter-item">Horror</a>
                                                                            <a href="/genres?category=light-novels&genre=lgbtq" class="filter-item">LGBTQ</a>
                                                                            <a href="/genres?category=light-novels&genre=romance" class="filter-item">Romance</a>
                                                                            <a href="/genres?category=light-novels&genre=science-fiction" class="filter-item">Science Fiction</a>
                                                                            <a href="/genres?category=light-novels&genre=slice-of-life" class="filter-item">Slice-of-Life</a>
                                                                            <a href="/genres?category=light-novels&genre=special-interest" class="filter-item">Special Interest</a>
                                                                    </div>
                                <div class="menu-thumbs">
                                    <span class="heading title-55 latest-novels">LATEST NOVELS</span>
                                    <div class="thumb-holder">
                                                                                    <div class="thumb-item">
                                                <a href="/titles/9781718357525-the-unwanted-undead-adventurer-volume-13-light-novel" class="">
                                                    <img data-src="https://images.yenpress.com/imgs/9781718357525.jpg?w=171&h=257&fit=crop&s=bf875c7363d121e9ec34ea195218b71e" class="b-lazy" alt="The Unwanted Undead Adventurer: Volume 13 (Light Novel)">
                                                </a>
                                                <span class="thumb-title">The Unwanted Undead Adventurer: Volume 13 (Light Novel) </span>
                                                <span class="date">2025</span>
                                            </div>
                                                                                    <div class="thumb-item">
                                                <a href="/titles/9781718308411-invaders-of-the-rokujouma-collector-s-edition-12-light-novel" class="">
                                                    <img data-src="https://images.yenpress.com/imgs/9781718308411.jpg?w=171&h=257&fit=crop&s=6b807d0550d93f6413a324bd8cc17597" class="b-lazy" alt="Invaders of the Rokujouma!? Collector's Edition 12 (Light Novel)">
                                                </a>
                                                <span class="thumb-title">Invaders of the Rokujouma!? Collector's Edition 12 (Light Novel) </span>
                                                <span class="date">2025</span>
                                            </div>
                                                                                    <div class="thumb-item">
                                                <a href="/titles/9798855411003-is-it-wrong-to-try-to-pick-up-girls-in-a-dungeon-minor-myths-and-legends-vol-2-light-novel" class="">
                                                    <img data-src="https://images.yenpress.com/imgs/9798855411003.jpg?w=171&h=257&fit=crop&s=b9625a76156db3b861fdbeabba23b9d7" class="b-lazy" alt="Is It Wrong to Try to Pick Up Girls in a Dungeon? Minor Myths and Legends, Vol. 2 (light novel)">
                                                </a>
                                                <span class="thumb-title">Is It Wrong to Try to Pick Up Girls in a Dungeon? Minor Myths and Legends, Vol. 2 (light novel) </span>
                                                <span class="date">2025</span>
                                            </div>
                                                                                    <div class="thumb-item">
                                                <a href="/titles/9798855408737-secrets-of-the-silent-witch-another-part-1" class="">
                                                    <img data-src="https://images.yenpress.com/imgs/9798855408737.jpg?w=171&h=257&fit=crop&s=75d1e0ea32957cb49ac3b75eb0849c63" class="b-lazy" alt="Secrets of the Silent Witch -another- Part 1">
                                                </a>
                                                <span class="thumb-title">Secrets of the Silent Witch -another- Part 1 </span>
                                                <span class="date">2025</span>
                                            </div>
                                                                                    <div class="thumb-item">
                                                <a href="/titles/9798855408690-this-is-the-wizard-s-secret-weapon-vol-1-light-novel" class="">
                                                    <img data-src="https://images.yenpress.com/imgs/9798855408690.jpg?w=171&h=257&fit=crop&s=ebe6fff135f5a6d7016c86711650d237" class="b-lazy" alt="This Is the Wizard’s Secret Weapon, Vol. 1 (light novel): The Dawn Swordsman">
                                                </a>
                                                <span class="thumb-title">This Is the Wizard’s Secret Weapon, Vol. 1 (light novel): The Dawn Swordsman </span>
                                                <span class="date">2025</span>
                                            </div>
                                                                            </div>
                                </div>
                                <div class="browse-by-holder">
                                    <div class="browse-by">
                                        <span class="browse-by-heading filter-by-label">BROWSE BY:</span>
                                        <a class="category-item" href="/category/light-novels/all/series">SERIES</a>
                                                                                <a class="category-item" href="/category/light-novels#genres">GENRE</a>
                                    </div>
                                </div>
                            </div>
                        </div>
                    </li>
                    <li class="header-li">
                        <a href="/category/manga" class="menu-items menu-title">
                            <div>MANGA
                                <div class="menu-arrow-down">
                                    <svg xmlns="http://www.w3.org/2000/svg" width="12" height="9" viewBox="0 0 12 9" fill="none">
                                        <path d="M1 1L5.82609 6.52174L11 1" stroke="#484848" stroke-width="2"/>
                                    </svg>
                                </div>
                            </div>
                        </a>
                        <!--  -->
                        <div class="dropdown-menu-holder">
                            <img class="dropdown-bg b-lazy" data-src="/images/header/dropdown-background.png" alt="dropdown-bg-manga">
                            <div class="dropdown-menu manga">
                                <div class="menu-filter">
                                    <span class="filter-by-label">FILTER BY:</span>
                                                                            <a href="/genres?category=manga&genre=action-and-adventure" class="filter-item">Action and Adventure</a>
                                                                            <a href="/genres?category=manga&genre=comedy" class="filter-item">Comedy</a>
                                                                            <a href="/genres?category=manga&genre=crime-and-mystery" class="filter-item">Crime and Mystery</a>
                                                                            <a href="/genres?category=manga&genre=drama" class="filter-item">Drama</a>
                                                                            <a href="/genres?category=manga&genre=fantasy" class="filter-item">Fantasy</a>
                                                                            <a href="/genres?category=manga&genre=horror" class="filter-item">Horror</a>
                                                                            <a href="/genres?category=manga&genre=lgbtq" class="filter-item">LGBTQ</a>
                                                                            <a href="/genres?category=manga&genre=romance" class="filter-item">Romance</a>
                                                                            <a href="/genres?category=manga&genre=science-fiction" class="filter-item">Science Fiction</a>
                                                                            <a href="/genres?category=manga&genre=slice-of-life" class="filter-item">Slice-of-Life</a>
                                                                            <a href="/genres?category=manga&genre=special-interest" class="filter-item">Special Interest</a>
                                                                    </div>
                                <div class="menu-thumbs">
                                    <span class="heading title-55 latest-novels">LATEST MANGA</span>
                                    <div class="thumb-holder">
                                                                            <div class="thumb-item">
                                            <a href="/titles/9781975380182-aria-of-the-beech-forest-vol-3" class="">
                                                <img data-src="https://images.yenpress.com/imgs/9781975380182.jpg?w=171&h=257&fit=crop&s=efa2a189b748cebff2700659b7112212" alt="Aria of the Beech Forest, Vol. 3" class="b-lazy">
                                            </a>
                                            <span class="thumb-title">Aria of the Beech Forest, Vol. 3 </span>
                                            <span class="date">2025</span>
                                        </div>
                                                                            <div class="thumb-item">
                                            <a href="/titles/9781975389260-i-m-here-beside-you-vol-2" class="">
                                                <img data-src="https://images.yenpress.com/imgs/9781975389260.jpg?w=171&h=257&fit=crop&s=149020f701bbcab340751d7d87358e9f" alt="I'm Here, Beside You, Vol. 2" class="b-lazy">
                                            </a>
                                            <span class="thumb-title">I'm Here, Beside You, Vol. 2 </span>
                                            <span class="date">2025</span>
                                        </div>
                                                                            <div class="thumb-item">
                                            <a href="/titles/9781975399948-tougen-anki-legend-of-the-cursed-blood-vol-3" class="">
                                                <img data-src="https://images.yenpress.com/imgs/9781975399948.jpg?w=171&h=257&fit=crop&s=ab78f831cfdcaa79170f61508c259d20" alt="Tougen Anki: Legend of the Cursed Blood, Vol. 3" class="b-lazy">
                                            </a>
                                            <span class="thumb-title">Tougen Anki: Legend of the Cursed Blood, Vol. 3 </span>
                                            <span class="date">2025</span>
                                        </div>
                                                                            <div class="thumb-item">
                                            <a href="/titles/9798855414127-the-ragnarok-system-of-the-desperate-reincarnated-demon-lord-and-the-seven-aggressive-maidens-vol-1" class="">
                                                <img data-src="https://images.yenpress.com/imgs/9798855414127.jpg?w=171&h=257&fit=crop&s=aa3c4f3636387e73205118b0c50289ac" alt="The Ragnarok System of the Desperate Reincarnated Demon Lord and the Seven Aggressive Maidens, Vol. 1" class="b-lazy">
                                            </a>
                                            <span class="thumb-title">The Ragnarok System of the Desperate Reincarnated Demon Lord and the Seven Aggressive Maidens, Vol. 1 </span>
                                            <span class="date">2025</span>
                                        </div>
                                                                            <div class="thumb-item">
                                            <a href="/titles/9798855416916-spice-and-wolf-collector-s-edition-vol-1-manga" class="">
                                                <img data-src="https://images.yenpress.com/imgs/9798855416916.jpg?w=171&h=257&fit=crop&s=de87fc468840dfeb286689ed72b543f2" alt="Spice and Wolf Collector's Edition, Vol. 1 (manga)" class="b-lazy">
                                            </a>
                                            <span class="thumb-title">Spice and Wolf Collector's Edition, Vol. 1 (manga) </span>
                                            <span class="date">2025</span>
                                        </div>
                                                                    </div>
                                </div>
                                <div class="browse-by-holder">
                                    <div class="browse-by">
                                        <span class="browse-by-heading filter-by-label">BROWSE BY:</span>
                                        <a class="category-item" href="/category/manga/all/series">SERIES</a>
                                                                                <a class="category-item" href="/category/manga#genres">GENRE</a>
                                    </div>
                                </div>
                            </div>
                        </div>
                    </li>
                    <li class="header-li">
                        <a href="/category/comics" class="menu-items menu-title">
                            <div>COMICS
                                <div class="menu-arrow-down">
                                    <svg xmlns="http://www.w3.org/2000/svg" width="12" height="9" viewBox="0 0 12 9" fill="none">
                                        <path d="M1 1L5.82609 6.52174L11 1" stroke="#484848" stroke-width="2"/>
                                    </svg>
                                </div>
                            </div>
                        </a>
                        <!--  -->
                        <div class="dropdown-menu-holder">
                            <img class="dropdown-bg b-lazy" data-src="/images/header/dropdown-background.png" alt="dropdown-bg-comics">
                            <div class="dropdown-menu manga">
                                <div class="menu-filter">
                                    <span class="filter-by-label">FILTER BY:</span>
                                                                            <a href="/genres?category=comics&genre=action-and-adventure" class="filter-item">Action and Adventure</a>
                                                                            <a href="/genres?category=comics&genre=comedy" class="filter-item">Comedy</a>
                                                                            <a href="/genres?category=comics&genre=crime-and-mystery" class="filter-item">Crime and Mystery</a>
                                                                            <a href="/genres?category=comics&genre=drama" class="filter-item">Drama</a>
                                                                            <a href="/genres?category=comics&genre=fantasy" class="filter-item">Fantasy</a>
                                                                            <a href="/genres?category=comics&genre=horror" class="filter-item">Horror</a>
                                                                            <a href="/genres?category=comics&genre=lgbtq" class="filter-item">LGBTQ</a>
                                                                            <a href="/genres?category=comics&genre=media-tie-ins" class="filter-item">Media Tie-ins</a>
                                                                            <a href="/genres?category=comics&genre=romance" class="filter-item">Romance</a>
                                                                            <a href="/genres?category=comics&genre=science-fiction" class="filter-item">Science Fiction</a>
                                                                            <a href="/genres?category=comics&genre=slice-of-life" class="filter-item">Slice-of-Life</a>
                                                                            <a href="/genres?category=comics&genre=special-interest" class="filter-item">Special Interest</a>
                                                                    </div>
                                <div class="menu-thumbs">
                                    <span class="heading title-55 latest-novels">LATEST COMICS</span>
                                    <div class="thumb-holder">
                                                                                    <a href="/titles/9798400903281-not-sew-wicked-stepmom-vol-6" class="">
                                                <div class="thumb-item">
                                                    <img
                                                        data-src="https://images.yenpress.com/imgs/9798400903281.jpg?w=171&h=257&fit=crop&s=bea0792e81b31c92bf2f7bf12b8394b0" class="b-lazy" alt="Not-Sew-Wicked Stepmom, Vol. 6">
                                                    <span class="thumb-title">Not-Sew-Wicked Stepmom, Vol. 6 </span>
                                                    <span class="date">2025</span>
                                                </div>
                                            </a>
                                                                                    <a href="/titles/9798400903496-radio-storm-vol-1" class="">
                                                <div class="thumb-item">
                                                    <img
                                                        data-src="https://images.yenpress.com/imgs/9798400903496.jpg?w=171&h=257&fit=crop&s=67ad570621f5cb7317ff7e49a0f18ad9" class="b-lazy" alt="Radio Storm, Vol. 1">
                                                    <span class="thumb-title">Radio Storm, Vol. 1 </span>
                                                    <span class="date">2025</span>
                                                </div>
                                            </a>
                                                                                    <a href="/titles/9798400902840-omniscient-reader-s-viewpoint-vol-7" class="">
                                                <div class="thumb-item">
                                                    <img
                                                        data-src="https://images.yenpress.com/imgs/9798400902840.jpg?w=171&h=257&fit=crop&s=a808225bc9f6952a359772f15742122e" class="b-lazy" alt="Omniscient Reader's Viewpoint, Vol. 7">
                                                    <span class="thumb-title">Omniscient Reader's Viewpoint, Vol. 7 </span>
                                                    <span class="date">2025</span>
                                                </div>
                                            </a>
                                                                                    <a href="/titles/9798400902796-my-secretly-hot-husband-vol-3" class="">
                                                <div class="thumb-item">
                                                    <img
                                                        data-src="https://images.yenpress.com/imgs/9798400902796.jpg?w=171&h=257&fit=crop&s=78177e088d398d07a0968ec01fe88e6c" class="b-lazy" alt="My Secretly Hot Husband, Vol. 3">
                                                    <span class="thumb-title">My Secretly Hot Husband, Vol. 3 </span>
                                                    <span class="date">2025</span>
                                                </div>
                                            </a>
                                                                                    <a href="/titles/9798400902512-i-tamed-my-ex-husband-s-mad-dog-vol-3" class="">
                                                <div class="thumb-item">
                                                    <img
                                                        data-src="https://images.yenpress.com/imgs/9798400902512.jpg?w=171&h=257&fit=crop&s=845f65fb68bb9ae1f6387cd273d7c463" class="b-lazy" alt="I Tamed My Ex-husband’s Mad Dog, Vol. 3">
                                                    <span class="thumb-title">I Tamed My Ex-husband’s Mad Dog, Vol. 3 </span>
                                                    <span class="date">2025</span>
                                                </div>
                                            </a>
                                                                            </div>
                                </div>
                                <div class="browse-by-holder">
                                    <div class="browse-by">
                                        <span class="browse-by-heading filter-by-label">BROWSE BY:</span>
                                        <a class="category-item" href="/category/comics/all/series">SERIES</a>
                                                                                <a class="category-item" href="/category/comics#genres">GENRE</a>
                                    </div>
                                </div>
                            </div>
                        </div>
                    </li>
                    <li class="header-li">
                        <a href="/category/audio-books" class="menu-items menu-title">
                            <div>AUDIOBOOKS
                                <div class="menu-arrow-down">
                                    <svg xmlns="http://www.w3.org/2000/svg" width="12" height="9" viewBox="0 0 12 9" fill="none">
                                        <path d="M1 1L5.82609 6.52174L11 1" stroke="#484848" stroke-width="2"/>
                                    </svg>
                                </div>
                            </div>
                        </a>
                        <!--  -->
                        <div class="dropdown-menu-holder">
                            <img class="dropdown-bg b-lazy" data-src="/images/header/dropdown-background.png" alt="dropdown-bg-audio">
                            <div class="dropdown-menu manga">
                                <div class="menu-filter">
                                    <span class="filter-by-label">FILTER BY:</span>
                                                                            <a href="/genres?category=audio-books&genre=action-and-adventure" class="filter-item">Action and Adventure</a>
                                                                            <a href="/genres?category=audio-books&genre=comedy" class="filter-item">Comedy</a>
                                                                            <a href="/genres?category=audio-books&genre=crime-and-mystery" class="filter-item">Crime and Mystery</a>
                                                                            <a href="/genres?category=audio-books&genre=drama" class="filter-item">Drama</a>
                                                                            <a href="/genres?category=audio-books&genre=fantasy" class="filter-item">Fantasy</a>
                                                                            <a href="/genres?category=audio-books&genre=horror" class="filter-item">Horror</a>
                                                                            <a href="/genres?category=audio-books&genre=lgbtq" class="filter-item">LGBTQ</a>
                                                                            <a href="/genres?category=audio-books&genre=romance" class="filter-item">Romance</a>
                                                                            <a href="/genres?category=audio-books&genre=science-fiction" class="filter-item">Science Fiction</a>
                                                                            <a href="/genres?category=audio-books&genre=slice-of-life" class="filter-item">Slice-of-Life</a>
                                                                            <a href="/genres?category=audio-books&genre=special-interest" class="filter-item">Special Interest</a>
                                                                    </div>
                                <div class="menu-thumbs">
                                    <span class="heading title-55 latest-novels">LATEST AUDIOBOOKS</span>
                                    <div class="thumb-holder">
                                                                                    <a href="/titles/9798855419320-rascal-does-not-dream-of-santa-claus" class="">
                                                <div class="thumb-item">
                                                    <img
                                                        data-src="https://images.yenpress.com/imgs/9798855419320.jpg?w=171&h=171&fit=crop&type=series&s=4b01bd241aeec3332a35f79182b891bd" class="b-lazy" alt="Rascal Does Not Dream of Santa Claus">
                                                    <span class="thumb-title">Rascal Does Not Dream of Santa Claus </span>
                                                    <span class="date">2025</span>
                                                </div>
                                            </a>
                                                                                    <a href="/titles/9798855416145-so-i-m-a-spider-so-what-vol-13" class="">
                                                <div class="thumb-item">
                                                    <img
                                                        data-src="https://images.yenpress.com/imgs/9798855416145.jpg?w=171&h=171&fit=crop&type=series&s=069d545f0604de0ba150a80cd8d2567a" class="b-lazy" alt="So I'm a Spider, So What?, Vol. 13">
                                                    <span class="thumb-title">So I'm a Spider, So What?, Vol. 13 </span>
                                                    <span class="date">2025</span>
                                                </div>
                                            </a>
                                                                                    <a href="/titles/9798855419351-86-eighty-six-vol-13" class="">
                                                <div class="thumb-item">
                                                    <img
                                                        data-src="https://images.yenpress.com/imgs/9798855419351.jpg?w=171&h=171&fit=crop&type=series&s=af70f7a24476def976c748be552e8af5" class="b-lazy" alt="86--EIGHTY-SIX, Vol. 13">
                                                    <span class="thumb-title">86--EIGHTY-SIX, Vol. 13 </span>
                                                    <span class="date">2025</span>
                                                </div>
                                            </a>
                                                                                    <a href="/titles/9798855420173-the-eminence-in-shadow-vol-1" class="">
                                                <div class="thumb-item">
                                                    <img
                                                        data-src="https://images.yenpress.com/imgs/9798855420173.jpg?w=171&h=171&fit=crop&type=series&s=8369d685f5be00e4afb2c69fb1f300fc" class="b-lazy" alt="The Eminence in Shadow, Vol. 1">
                                                    <span class="thumb-title">The Eminence in Shadow, Vol. 1 </span>
                                                    <span class="date">2025</span>
                                                </div>
                                            </a>
                                                                                    <a href="/titles/9798855420159-sword-art-online-17" class="">
                                                <div class="thumb-item">
                                                    <img
                                                        data-src="https://images.yenpress.com/imgs/9798855420159.jpg?w=171&h=171&fit=crop&type=series&s=0f89abd3047514ef743827b543373988" class="b-lazy" alt="Sword Art Online 17: Alicization Awakening">
                                                    <span class="thumb-title">Sword Art Online 17: Alicization Awakening </span>
                                                    <span class="date">2025</span>
                                                </div>
                                            </a>
                                                                            </div>
                                </div>
                                <div class="browse-by-holder">
                                    <div class="browse-by">
                                        <span class="browse-by-heading filter-by-label">BROWSE BY:</span>
                                        <a class="category-item" href="/category/audio-books/all/series">SERIES</a>
                                                                                <a class="category-item" href="/category/audio-books#genres">GENRE</a>
                                    </div>
                                </div>
                            </div>
                        </div>
                    </li>
                    <li class="header-li">
                        <a href="/category/digital-ebooks" class="menu-items menu-title">
                            <div>DIGITAL
                                <div class="menu-arrow-down">
                                    <svg xmlns="http://www.w3.org/2000/svg" width="12" height="9" viewBox="0 0 12 9" fill="none">
                                        <path d="M1 1L5.82609 6.52174L11 1" stroke="#484848" stroke-width="2"/>
                                    </svg>
                                </div>
                            </div>
                        </a>
                        <!--  -->
                        <div class="dropdown-menu-holder">
                            <img class="dropdown-bg b-lazy" data-src="/images/header/dropdown-background.png" alt="dropdown-bg-digital">
                            <div class="dropdown-menu manga">
                                <div class="menu-filter">
                                    <span class="filter-by-label">FILTER BY:</span>
                                                                            <a href="/genres?category=digital-ebooks&genre=action-and-adventure" class="filter-item">Action and Adventure</a>
                                                                            <a href="/genres?category=digital-ebooks&genre=comedy" class="filter-item">Comedy</a>
                                                                            <a href="/genres?category=digital-ebooks&genre=crime-and-mystery" class="filter-item">Crime and Mystery</a>
                                                                            <a href="/genres?category=digital-ebooks&genre=drama" class="filter-item">Drama</a>
                                                                            <a href="/genres?category=digital-ebooks&genre=fantasy" class="filter-item">Fantasy</a>
                                                                            <a href="/genres?category=digital-ebooks&genre=horror" class="filter-item">Horror</a>
                                                                            <a href="/genres?category=digital-ebooks&genre=lgbtq" class="filter-item">LGBTQ</a>
                                                                            <a href="/genres?category=digital-ebooks&genre=romance" class="filter-item">Romance</a>
                                                                            <a href="/genres?category=digital-ebooks&genre=science-fiction" class="filter-item">Science Fiction</a>
                                                                            <a href="/genres?category=digital-ebooks&genre=slice-of-life" class="filter-item">Slice-of-Life</a>
                                                                            <a href="/genres?category=digital-ebooks&genre=special-interest" class="filter-item">Special Interest</a>
                                                                    </div>
                                <div class="menu-thumbs">
                                    <span class="heading title-55 latest-novels">LATEST DIGITAL</span>
                                    <div class="thumb-holder">
                                                                                    <a href="/titles/9798400903298-not-sew-wicked-stepmom-vol-6" class="">
                                                <div class="thumb-item">
                                                    <img
                                                        data-src="https://images.yenpress.com/imgs/9798400903298.jpg?w=171&h=257&fit=crop&s=1ba813c473dd094ece9f57b5b4fbbb9b" class="b-lazy" alt="Not-Sew-Wicked Stepmom, Vol. 6">
                                                    <span class="thumb-title">Not-Sew-Wicked Stepmom, Vol. 6 </span>
                                                    <span class="date">2025</span>
                                                </div>
                                            </a>
                                                                                    <a href="/titles/9798400902802-my-secretly-hot-husband-vol-3" class="">
                                                <div class="thumb-item">
                                                    <img
                                                        data-src="https://images.yenpress.com/imgs/9798400902802.jpg?w=171&h=257&fit=crop&s=8ab16dfb3982209b780358e74e9bf1d5" class="b-lazy" alt="My Secretly Hot Husband, Vol. 3">
                                                    <span class="thumb-title">My Secretly Hot Husband, Vol. 3 </span>
                                                    <span class="date">2025</span>
                                                </div>
                                            </a>
                                                                                    <a href="/titles/9798400902253-finding-camellia-vol-4" class="">
                                                <div class="thumb-item">
                                                    <img
                                                        data-src="https://images.yenpress.com/imgs/9798400902253.jpg?w=171&h=257&fit=crop&s=b54e7f7d5a84536385d1bcc836513b3d" class="b-lazy" alt="Finding Camellia, Vol. 4">
                                                    <span class="thumb-title">Finding Camellia, Vol. 4 </span>
                                                    <span class="date">2025</span>
                                                </div>
                                            </a>
                                                                                    <a href="/titles/9781975389277-i-m-here-beside-you-vol-2" class="">
                                                <div class="thumb-item">
                                                    <img
                                                        data-src="https://images.yenpress.com/imgs/9781975389277.jpg?w=171&h=257&fit=crop&s=ced0d2d0ffc49dea5c07dda8893e6ec2" class="b-lazy" alt="I'm Here, Beside You, Vol. 2">
                                                    <span class="thumb-title">I'm Here, Beside You, Vol. 2 </span>
                                                    <span class="date">2025</span>
                                                </div>
                                            </a>
                                                                                    <a href="/titles/9781975380199-aria-of-the-beech-forest-vol-3" class="">
                                                <div class="thumb-item">
                                                    <img
                                                        data-src="https://images.yenpress.com/imgs/9781975380199.jpg?w=171&h=257&fit=crop&s=8b34f60726f580e09addd62b48047c6f" class="b-lazy" alt="Aria of the Beech Forest, Vol. 3">
                                                    <span class="thumb-title">Aria of the Beech Forest, Vol. 3 </span>
                                                    <span class="date">2025</span>
                                                </div>
                                            </a>
                                                                            </div>
                                </div>
                                <div class="browse-by-holder">
                                    <div class="browse-by">
                                        <span class="browse-by-heading filter-by-label">BROWSE BY:</span>
                                        <a class="category-item" href="/category/digital-ebooks/all/series">SERIES</a>
                                                                                <a class="category-item" href="/category/digital-ebooks">GENRE</a>
                                    </div>
                                </div>
                            </div>
                        </div>
                    </li>
                </ul>
                <a href="/store-sales" class="store-sales-header"><img src="/images/icons/store-sales-black.svg"
                    alt="Store sales">
                </a>
        
                <!--  -->
                                <!--  -->
                <div class="widget-holder mobile-res"> 
                    <a href="/community" class="widget-row">
                        <img src="/images/icons/widget1-white.svg" alt="yp community mobile">
                        <p class="widget-txt">YP Community</p>
                    </a>
                    <!--  -->
                    <a href="/news" class="widget-row">
                        <img src="/images/icons/widget2-white.svg" alt="yp news mobile">
                        <p class="widget-txt">YP News</p>
                    </a>
                    <!--  -->
                    <a href="/calendar" class="widget-row">
                        <img src="/images/icons/widget3-white.svg" alt="yp calendar mobile">
                        <p class="widget-txt">YP Calendar</p>
                    </a>
                    <a href="/store-sales" class="widget-row green">
                        <img src="/images/icons/store-sales-black.svg" alt="yp store-sales mobile" class="store-sales-mobile">
                        <p class="widget-txt">Store sales</p>
                    </a>
                </div>
                <!--  -->
                <div class="mobile-header-bottom">
                    <div class="privacy-links center">
                        <a href="/terms-and-conditions">Terms of Use</a>
                        <a href="/privacy-policy">Privacy Policy</a>
						<a href="/accessibility-statement">Accessibility Statement</a>
                    </div>
                    <div class="copy center">
                        <p>Copyright © <script type="75b4f489a850037a95f5f752-text/javascript">document.write(new Date().getFullYear());</script> YenPress</p>
                    </div>
                </div>
            </div>
            <a href="/search" class="search-holder m-right-10">
                <div class="header-search-form">
                    <span class="search-text">Search by</span>
                    <!-- <label class="search-input-name">Search by</label>
<input id="search" name="search" type="text" class="search-input-header" placeholder="Search by"> -->
                </div>
                <svg class="m-right-10 search-icon" width="30" height="30" viewBox="0 0 30 30" fill="none" xmlns="http://www.w3.org/2000/svg">
                    <path d="M12.5294 24.0587C18.8969 24.0587 24.0587 18.8969 24.0587 12.5294C24.0587 6.16187 18.8969 1 12.5294 1C6.16187 1 1 6.16187 1 12.5294C1 18.8969 6.16187 24.0587 12.5294 24.0587Z" stroke="#111111" stroke-width="2" stroke-miterlimit="10"/>
                    <path d="M20.7656 20.7646L29.0009 28.9999" stroke="#111111" stroke-width="2" stroke-miterlimit="10"/>
                </svg>
            </a>
                    </nav>
    </div>
    <div class="imprints-side">
        <div class="imprints-holder">
                            <a class="imprints yp prel" href="/imprint/yp">
                    <img class="yp" src="/images/imprints/yp.svg" alt="Yen Press">
                </a>
                            <a class="imprints yen-on prel" href="/imprint/yen-on">
                    <img class="yen-on" src="/images/imprints/yen-on.svg" alt="Yen On">
                </a>
                            <a class="imprints jy prel" href="/imprint/jy">
                    <img class="jy" src="/images/imprints/jy.svg" alt="JY">
                </a>
                            <a class="imprints yen-audio prel" href="/imprint/yen-audio">
                    <img class="yen-audio" src="/images/imprints/yen-audio.svg" alt="Yen Audio">
                </a>
                            <a class="imprints ize prel" href="/imprint/ize">
                    <img class="ize" src="/images/imprints/ize.svg" alt="Ize Press">
                </a>
                            <a class="imprints jnc prel" href="/imprint/jnc">
                    <img class="jnc" src="/images/imprints/jnc.svg" alt="J-Novel Club">
                </a>
                    </div>
    </div>
    <div class="hamburger">
        <span></span>
        <span></span>
        <span></span>
        <p class="hamburger-txt">Menu</p>
    </div>
</header>
<!--  -->


<div class="widget-holder">
    <div class="widget-row green">
        <img src="/images/icons/store-sales-black.svg" alt="yp store-sales">
        <a href="/store-sales" class="widget-txt">Store sales</a>
    </div>
    <!--  -->
    <div  class="widget-row">
        <img src="/images/icons/widget1-white.svg" alt="yp community">
        <a href="/community" class="widget-txt">YP Community</a>
    </div>
    <!--  -->
    <div  class="widget-row">
        <img src="/images/icons/widget2-white.svg" alt="yp news">
        <a href="/news" class="widget-txt">YP News</a>
    </div>
    <!--  -->
    <div class="widget-row">
        <img src="/images/icons/widget3-white.svg" alt="yp calendar">
        <a href="/calendar" class="widget-txt">YP Calendar</a>
    </div>
</div>

<div class="header-pad"></div>


<div data-wrapper-main-content="true"><div class="series-page">
    <section class="series-heading prel ov-hidden fade-in-container">
                                                                                                                    <div class="heading-bg b-lazy" data-src="https://yenpress.com/uploads/A-Certain-Magical-Index-LN-v1insert-HeroD-KKW.jpg" data-src-mobile="https://yenpress.com/uploads/A-Certain-Magical-Index-LN-v1insert-HeroM-KKW.jpg"></div>
        <div class="wrapper-1595">
            <div class="heading-content prel">
                <div class="breadcrumbs white fade-el desktop-only">
                    <a href="/">Home</a>
                                        <span class="active">/</span>
                    <a href="/category/light-novels">Novels</a>
                                    </div>
                <h1 class="heading title-62 title-50 upper white desktop-only fade-el">A Certain Magical Index (light novel)<sup rel="nofollow">1</sup></h1>
                <div class="story-details desktop-only fade-el">
                                            <p class="paragraph fs-15 white">Author: <span>Kazuma Kamachi</span></p>
                                            <p class="paragraph fs-15 white">Artist: <span>Kiyotaka Haimura</span></p>
                                    </div>
                <div class="heading-btns-group desktop-only fade-el">
                    <a href="" class="main-btn series-btn white-hover volumes"><span> <img src="/images/icons/show-more.svg" alt="down arrow"> View all volumes</span></a>
                                                                    <a href="/series/a-certain-magical-index-manga" class="view-link white">
                            <img src="/images/icons/see-white.svg" alt="eye">
                            <span>also available as a manga</span>
                        </a>
                                                            </div>
            </div>
        </div>
    </section>
    <section class="content-heading fade-in-container">
        <div class="wrapper-1595 f0">
            <div class="breadcrumbs fade-el mobile-only">
                <a href="/">Home</a>
            </div>
            <h1 class="heading title-62 upper mobile-only fade-el">A Certain Magical Index (light novel)<sup>1</sup></h1>
            <div class="story-details mobile-only fade-el">
                                    <p class="paragraph fs-14">Author: <span>Kazuma Kamachi</span></p>
                                    <p class="paragraph fs-14">Artist: <span>Kiyotaka Haimura</span></p>
                            </div>
            <div class="content-heading-txt">
                <h2 class="heading title-36 upper fade-el"></h2>
                <p class="paragraph fs-16 fade-el">Science and magic have come together once again to create this never-before-seen folio of A Certain Magical Index! The arcane pages of the Old Testament Omnibus Edition detail the collected adventures of Touma Kamijou in a stunning synthesis of paper and metal that any aspiring sorcerer or esper will covet. Including all 22 volumes of the original series as well as the 2 short story volumes, this grimoire cannot be ignored by those who want to complete their own collection of forbidden magical books! </p>
                <div class="social-share fade-el">
                    <p class="select-label">SHARE: </p>
                    <a href="" class="follow-item black bigger fb-share">
                        <img src="/images/icons/fb.svg" alt="facebook">
                    </a>
                    <a href="" class="follow-item black bigger twitter-share">
                        <img src="/images/icons/twitter.svg" alt="facebook">
                    </a>
                </div>
            </div>
            <!--  -->
            <div class="series-cover fade-el">
                <a href="/titles/9781975351588-a-certain-magical-index-the-old-testament-omnibus-edition" class="series-cover-img block">
                    <div class="vert-label">FEATURED VOLUME</div>
                    <img class="img-box-shadow b-lazy" data-src="https://images.yenpress.com/imgs/9781975351588.jpg?w=408&h=612&type=books&s=308e98d4c071a4874c295556ecbcae0a" alt="series cover">
                                    </a>
                <p class="paragraph fs-16"><span>A Certain Magical Index: The Old Testament Omnibus Edition</span></p>
                <div class="heading-btns-group mobile-only">
                    <a href="" class="main-btn series-btn white-hover volumes"><span> <img src="/images/icons/show-more.svg" alt="down arrow"> View all volumes</span></a>
                                                                    <a href="/series/a-certain-magical-index-manga" class="view-link">
                            <img src="/images/icons/see.svg" alt="eye">
                            <span>also available as a manga</span>
                        </a>
                                                            </div>
            </div>
        </div>
    </section>
    
    <section class="fade-in-container">
        <div class="wrapper-1595">
            <!--  -->
                    </div>
    </section>
    <!--  -->
                <!--  -->
    <section class="category-thumbs fade-in-container" id="volumes-list">
        <div class="wrapper-1595">
                        <h3 class="heading title-62 upper fade-el">A Certain Magical Index (light novel) Volumes</h3>
            <div class="category-thumbs-holder f0 show-more-container cat-append">
                 
    <div class="inline_block col-d-20 col-t-33 col-m-100 four-swiper-item fade-el">
        <a href="/titles/9781975351588-a-certain-magical-index-the-old-testament-omnibus-edition" class="hovered-shadow">
            <img class="four-swiper-img img-box-shadow b-lazy" src="https://images.yenpress.com/imgs/9781975351588.jpg?w=285&h=422&type=books&s=f15dea06671803ef8922897ea2d41857" alt="A Certain Magical Index: The Old Testament Omnibus Edition">
            <p class="paragraph"><span>A Certain Magical Index: The Old Testament Omnibus Edition</span></p>
        </a>
    </div>
 
    <div class="inline_block col-d-20 col-t-33 col-m-100 four-swiper-item fade-el">
        <a href="/titles/9781975317997-a-certain-magical-index-ss-vol-2-light-novel" class="hovered-shadow">
            <img class="four-swiper-img img-box-shadow b-lazy" src="https://images.yenpress.com/imgs/9781975317997.jpg?w=285&h=422&type=books&s=9628161236a7ff270e82ff6bd701676f" alt="A Certain Magical Index SS, Vol. 2 (light novel)">
            <p class="paragraph"><span>A Certain Magical Index SS, Vol. 2 (light novel)</span></p>
        </a>
    </div>
 
    <div class="inline_block col-d-20 col-t-33 col-m-100 four-swiper-item fade-el">
        <a href="/titles/9781975317973-a-certain-magical-index-ss-vol-1-light-novel" class="hovered-shadow">
            <img class="four-swiper-img img-box-shadow b-lazy" src="https://images.yenpress.com/imgs/9781975317973.jpg?w=285&h=422&type=books&s=72811d9befecd0aa5991ac474cd9449d" alt="A Certain Magical Index SS, Vol. 1 (light novel)">
            <p class="paragraph"><span>A Certain Magical Index SS, Vol. 1 (light novel)</span></p>
        </a>
    </div>
 
    <div class="inline_block col-d-20 col-t-33 col-m-100 four-swiper-item fade-el">
        <a href="/titles/9781975331283-a-certain-magical-index-vol-22-light-novel" class="hovered-shadow">
            <img class="four-swiper-img img-box-shadow b-lazy" src="https://images.yenpress.com/imgs/9781975331283.jpg?w=285&h=422&type=books&s=a44ddd3f78c40f94f3ad1aff623f2198" alt="A Certain Magical Index, Vol. 22 (light novel)">
            <p class="paragraph"><span>A Certain Magical Index, Vol. 22 (light novel)</span></p>
        </a>
    </div>
 
    <div class="inline_block col-d-20 col-t-33 col-m-100 four-swiper-item fade-el">
        <a href="/titles/9781975331269-a-certain-magical-index-vol-21-light-novel" class="hovered-shadow">
            <img class="four-swiper-img img-box-shadow b-lazy" src="https://images.yenpress.com/imgs/9781975331269.jpg?w=285&h=422&type=books&s=5622c0289f8e737cf0ecad42113b3706" alt="A Certain Magical Index, Vol. 21 (light novel)">
            <p class="paragraph"><span>A Certain Magical Index, Vol. 21 (light novel)</span></p>
        </a>
    </div>
 
    <div class="inline_block col-d-20 col-t-33 col-m-100 four-swiper-item fade-el">
        <a href="/titles/9781975331245-a-certain-magical-index-vol-20-light-novel" class="hovered-shadow">
            <img class="four-swiper-img img-box-shadow b-lazy" src="https://images.yenpress.com/imgs/9781975331245.jpg?w=285&h=422&type=books&s=ee2fcf7e75903c4925269c7a96aaaad2" alt="A Certain Magical Index, Vol. 20 (light novel)">
            <p class="paragraph"><span>A Certain Magical Index, Vol. 20 (light novel)</span></p>
        </a>
    </div>
 
    <div class="inline_block col-d-20 col-t-33 col-m-100 four-swiper-item fade-el">
        <a href="/titles/9781975357566-a-certain-magical-index-vol-19-light-novel" class="hovered-shadow">
            <img class="four-swiper-img img-box-shadow b-lazy" src="https://images.yenpress.com/imgs/9781975357566.jpg?w=285&h=422&type=books&s=ec2be74779d8fdc79121b9050cb63f2c" alt="A Certain Magical Index, Vol. 19 (light novel)">
            <p class="paragraph"><span>A Certain Magical Index, Vol. 19 (light novel)</span></p>
        </a>
    </div>
 
    <div class="inline_block col-d-20 col-t-33 col-m-100 four-swiper-item fade-el">
        <a href="/titles/9780316474566-a-certain-magical-index-vol-18-light-novel" class="hovered-shadow">
            <img class="four-swiper-img img-box-shadow b-lazy" src="https://images.yenpress.com/imgs/9780316474566.jpg?w=285&h=422&type=books&s=a5f9b656ac45eb2f1dfd3ed7b6456e4d" alt="A Certain Magical Index, Vol. 18 (light novel)">
            <p class="paragraph"><span>A Certain Magical Index, Vol. 18 (light novel)</span></p>
        </a>
    </div>
 
    <div class="inline_block col-d-20 col-t-33 col-m-100 four-swiper-item fade-el">
        <a href="/titles/9780316474542-a-certain-magical-index-vol-17-light-novel" class="hovered-shadow">
            <img class="four-swiper-img img-box-shadow b-lazy" src="https://images.yenpress.com/imgs/9780316474542.jpg?w=285&h=422&type=books&s=978704985b0645a6a719f05de5635933" alt="A Certain Magical Index, Vol. 17 (light novel)">
            <p class="paragraph"><span>A Certain Magical Index, Vol. 17 (light novel)</span></p>
        </a>
    </div>
 
    <div class="inline_block col-d-20 col-t-33 col-m-100 four-swiper-item fade-el">
        <a href="/titles/9780316442749-a-certain-magical-index-vol-16-light-novel" class="hovered-shadow">
            <img class="four-swiper-img img-box-shadow b-lazy" src="https://images.yenpress.com/imgs/9780316442749.jpg?w=285&h=422&type=books&s=2e62afb437e5fbec31c3f08a07f49713" alt="A Certain Magical Index, Vol. 16 (light novel)">
            <p class="paragraph"><span>A Certain Magical Index, Vol. 16 (light novel)</span></p>
        </a>
    </div>
 
    <div class="inline_block col-d-20 col-t-33 col-m-100 four-swiper-item fade-el">
        <a href="/titles/9780316442725-a-certain-magical-index-vol-15-light-novel" class="hovered-shadow">
            <img class="four-swiper-img img-box-shadow b-lazy" src="https://images.yenpress.com/imgs/9780316442725.jpg?w=285&h=422&type=books&s=04f9cb42ecca1fc1b155c56f7802216b" alt="A Certain Magical Index, Vol. 15 (light novel)">
            <p class="paragraph"><span>A Certain Magical Index, Vol. 15 (light novel)</span></p>
        </a>
    </div>
 
    <div class="inline_block col-d-20 col-t-33 col-m-100 four-swiper-item fade-el">
        <a href="/titles/9780316442701-a-certain-magical-index-vol-14-light-novel" class="hovered-shadow">
            <img class="four-swiper-img img-box-shadow b-lazy" src="https://images.yenpress.com/imgs/9780316442701.jpg?w=285&h=422&type=books&s=3c68698c660c54b5cae783b585d865aa" alt="A Certain Magical Index, Vol. 14 (light novel)">
            <p class="paragraph"><span>A Certain Magical Index, Vol. 14 (light novel)</span></p>
        </a>
    </div>
 
    <div class="inline_block col-d-20 col-t-33 col-m-100 four-swiper-item fade-el">
        <a href="/titles/9780316442671-a-certain-magical-index-vol-13-light-novel" class="hovered-shadow">
            <img class="four-swiper-img img-box-shadow b-lazy" src="https://images.yenpress.com/imgs/9780316442671.jpg?w=285&h=422&type=books&s=6655b142ec6d2e6b6eea3425390460fd" alt="A Certain Magical Index, Vol. 13 (light novel)">
            <p class="paragraph"><span>A Certain Magical Index, Vol. 13 (light novel)</span></p>
        </a>
    </div>
 
    <div class="inline_block col-d-20 col-t-33 col-m-100 four-swiper-item fade-el">
        <a href="/titles/9780316360029-a-certain-magical-index-vol-12-light-novel" class="hovered-shadow">
            <img class="four-swiper-img img-box-shadow b-lazy" src="https://images.yenpress.com/imgs/9780316360029.jpg?w=285&h=422&type=books&s=b5144e7ff5363522529b36533c90ac74" alt="A Certain Magical Index, Vol. 12 (light novel)">
            <p class="paragraph"><span>A Certain Magical Index, Vol. 12 (light novel)</span></p>
        </a>
    </div>
 
    <div class="inline_block col-d-20 col-t-33 col-m-100 four-swiper-item fade-el">
        <a href="/titles/9780316360005-a-certain-magical-index-vol-11-light-novel" class="hovered-shadow">
            <img class="four-swiper-img img-box-shadow b-lazy" src="https://images.yenpress.com/imgs/9780316360005.jpg?w=285&h=422&type=books&s=c7f64d9b95515a09dc13a3822fafc557" alt="A Certain Magical Index, Vol. 11 (light novel)">
            <p class="paragraph"><span>A Certain Magical Index, Vol. 11 (light novel)</span></p>
        </a>
    </div>
<div class="center-btn-page">
    <a href="" class="view-link show-more" data-url="/series/get_more/a-certain-magical-index-light-novel?format%5B0%5D=Paperback&format%5B1%5D=Hardback&next_ord=10"></a>
</div>
                <!--  -->
                <div class="back-to-top">
                    <img src="/images/icons/arrow.svg" alt="">
                    <p class="paragraph fs-12 upper center">back <br> to top</p>
                </div>
            </div>
        </div>
    </section>
    <!--  -->
     
    <div class="featured-news-holder fade-in-container" style="background-image: url('/images/feat-news-deco.png')">
        <div class="wrapper-1595">

            <div class="featured-news f0 ov-hidden">
                                                        <div class="feat-news-img">
                        <img src="https://yenpress.com/uploads/1.jpeg" alt="">
                        <!-- <img src="/images/news-list1.jpg" alt=""> -->
                    </div>
                                <div class="feat-news-inner-txt prel">
                    <div class="tag-label upper fade-el white">Featured article</div>
                                        <p class="paragraph fs-14 upper fade-el white">Posted Feb 05, 2025 by Callista  Gonzalez</p>
                    <h3 class="heading title-55 fade-el white">Omniscient Reader’s Viewpoint Fanart Contest</h3>
                    <p class="paragraph fs-16 fade-el white">Calling all readers! Show off your art skills for a chance to win a prize with Ize Press's Omniscient Reader’s Viewpoint Fanart Contest! Which constellation will sponsor you?</p>
                    <a href="/news/omniscient-reader-s-viewpoint-fanart-contest"
                        class="view-link fade-el white"><img data-src="/images/icons/see.svg" alt="eye" class="b-lazy"><span>Read
                            more</span></a>
                </div>
            </div>
        </div>
    </div>
        <!--  -->
            <section class="creators fade-in-container mt100">
            <div class="wrapper-1595">
                <h3 class="heading title-62 upper fade-el">Related Series</h3>
            </div>
            <!--  -->
            <div class="inner-slider-section">
                <div class="swiper-container five-cols-slider">
                    <div class="swiper-wrapper">
                                                    <div class="swiper-slide fade-el">
                                <a href="/series/a-certain-magical-index-manga" class="four-swiper-item hovered-p">
                                                                                                        <img class="four-swiper-img swiper-lazy" src="https://yenpress.com/uploads/A-Certain-Magical-Index-Manga.jpg" alt="A Certain Magical Index (manga)">
                                                                                                        <p class="paragraph">A Certain Magical Index (manga)</p>
                                </a>
                            </div>
                                                    <div class="swiper-slide fade-el">
                                <a href="/series/a-certain-magical-index-nt-light-novel" class="four-swiper-item hovered-p">
                                                                                                        <img class="four-swiper-img swiper-lazy" src="https://yenpress.com/uploads/ACMI-NT-box-R3.jpg" alt="A Certain Magical Index NT (light novel)">
                                                                                                        <p class="paragraph">A Certain Magical Index NT (light novel)</p>
                                </a>
                            </div>
                                            </div>
                    <div class="swiper-pagination"></div>
                </div>
            </div>
        </section>
        <!--  -->
        <!--  -->
    <section class="newsletter-section fade-in-container">
    <div class="wrapper-1595">
        <div class="newsletter-holder f0 prel">
            <img class="newsletter-deco" src="/images/newsletter-deco.png" alt="deco">
            <div class="inline_block col-d-50 col-t-100 col-m-100">
                <h3 class="heading-newsletter-section splitByChars">Get the <span>latest news</span></h3>
            </div>
            <!--  -->
            <div class="inline_block col-d-50 col-t-100 col-m-100">
                <p class="paragraph white fs-15 fade-el">You will never miss updates if you subscribe to our newsletter.</p>
                <form action="/newsletter" method="POST" id="newsletter-form">
                                    <input type="hidden" name="_csrfToken" value="mShH2UJ61MMUmPGeuXSR4KAl6Y2m2rOI59c0+6Dmye8Jlibv6ksIKCiOuvID3nnEQBLootoGaraNu7556cg1SJH9mNUoPxX0xEOPupTv1r2EsVeYmNLxjm2mF93bLjkZTOuKxTLpTPAmId+R7DEO0g==" />
                                    <div class="newsletter-section-form fade-el">
                        <div class="nl-section-field field-holder prel">
                            <input type="email" class="newsletter-block-input" name="newsletter_email" id="newsletter_email" placeholder="Enter your email address">
                            <div class="error-subscr"></div>
							<div class="success-subscr">Thank you for subscribing</div>
                        </div>
                        <div class="nl-section-btn">
                            <a href="" class="main-btn white-hover" id="newsletter-submit"><span>Sign up</span></a>
                        </div>
                    </div>
                </form>
            </div>
        </div>
    </div>
</section></div></div>


<footer data-scroll-section>
    	<div class="footer-socials center fade-in-container">
		<h2 class="heading subtitle-25 upper fade-el">Yen Press on Social Media</h2>
		<div class="socials-holder fade-el">
			<a href="https://www.facebook.com/yenpress?fref=ts" class="social-icon" target="_blank">
				<img src="/images/icons/fb.svg" alt="facebook">
			</a>
			<!--  -->
									<a href="https://twitter.com/yenpress" class="social-icon" target="_blank">
				<img src="/images/icons/twitter.svg" alt="twitter">
			</a>
			<!--  -->
			<a href="https://www.instagram.com/yenpress/" class="social-icon" target="_blank">
				<img src="/images/icons/ig.svg" alt="instagram">
			</a>
			<!--  -->
		</div>
		<div class="footer-link-btns fade-el">
								</div>
	</div>
	<!--  -->
    	<div class="footer-main-holder prel">
		<img class="deco-abs b-lazy" data-src="/images/icons/footer-deco-logo.svg" alt="yen press">
		<div class="footer-search-block pre fade-in-container">
						<div class="footer-search-holder">
				<div class="footer-logo fade">
					<img data-src="/images/icons/footer-logo.svg" class="b-lazy" alt="yen press">
					<h3 class="footer-logo-txt">Graphic Novels, Manga, and More!</h3>
				</div>
				<div class="footer-search fade">
					<form action="/search">
						<img src="/images/icons/footer-search.svg" alt="yen press">
						<input class="footer-search-input" type="text" name="q" id="search-footer" placeholder="Type to search">
						<label for="search-footer" class="sr-only">Type to search</label>
					</form>
				</div>
			</div>
		</div>
		<!--  -->
		<div class="footer-main fade-in-container">
			<div class="wrapper-1607">
				<div class="footer-link-group">
					<div class="left-side-footer fade">
						<p class="footer-cat-title">Main Categories</p>
						<ul class="footer-ul">
							<li class="footer-li"><a href="/category/light-novels" class="footer-a main">Novels</a></li>
															<li class="footer-li"><a href="/genres?category=light-novels&genre=action-and-adventure" class="footer-a">Action and Adventure</a></li>
															<li class="footer-li"><a href="/genres?category=light-novels&genre=comedy" class="footer-a">Comedy</a></li>
															<li class="footer-li"><a href="/genres?category=light-novels&genre=crime-and-mystery" class="footer-a">Crime and Mystery</a></li>
															<li class="footer-li"><a href="/genres?category=light-novels&genre=drama" class="footer-a">Drama</a></li>
															<li class="footer-li"><a href="/genres?category=light-novels&genre=fantasy" class="footer-a">Fantasy</a></li>
															<li class="footer-li"><a href="/genres?category=light-novels&genre=horror" class="footer-a">Horror</a></li>
															<li class="footer-li"><a href="/genres?category=light-novels&genre=lgbtq" class="footer-a">LGBTQ</a></li>
															<li class="footer-li"><a href="/genres?category=light-novels&genre=romance" class="footer-a">Romance</a></li>
															<li class="footer-li"><a href="/genres?category=light-novels&genre=science-fiction" class="footer-a">Science Fiction</a></li>
															<li class="footer-li"><a href="/genres?category=light-novels&genre=slice-of-life" class="footer-a">Slice-of-Life</a></li>
															<li class="footer-li"><a href="/genres?category=light-novels&genre=special-interest" class="footer-a">Special Interest</a></li>
													</ul>
						<ul class="footer-ul">
							<li class="footer-li"><a href="/category/manga" class="footer-a main">Manga</a></li>
															<li class="footer-li"><a href="/genres?category=manga&genre=action-and-adventure" class="footer-a">Action and Adventure</a></li>
															<li class="footer-li"><a href="/genres?category=manga&genre=comedy" class="footer-a">Comedy</a></li>
															<li class="footer-li"><a href="/genres?category=manga&genre=crime-and-mystery" class="footer-a">Crime and Mystery</a></li>
															<li class="footer-li"><a href="/genres?category=manga&genre=drama" class="footer-a">Drama</a></li>
															<li class="footer-li"><a href="/genres?category=manga&genre=fantasy" class="footer-a">Fantasy</a></li>
															<li class="footer-li"><a href="/genres?category=manga&genre=horror" class="footer-a">Horror</a></li>
															<li class="footer-li"><a href="/genres?category=manga&genre=lgbtq" class="footer-a">LGBTQ</a></li>
															<li class="footer-li"><a href="/genres?category=manga&genre=romance" class="footer-a">Romance</a></li>
															<li class="footer-li"><a href="/genres?category=manga&genre=science-fiction" class="footer-a">Science Fiction</a></li>
															<li class="footer-li"><a href="/genres?category=manga&genre=slice-of-life" class="footer-a">Slice-of-Life</a></li>
															<li class="footer-li"><a href="/genres?category=manga&genre=special-interest" class="footer-a">Special Interest</a></li>
													</ul>
						<ul class="footer-ul">
							<li class="footer-li"><a href="/category/audio-books" class="footer-a main">AudioBooks</a></li>
															<li class="footer-li"><a href="/genres?category=audio-books&genre=action-and-adventure" class="footer-a">Action and Adventure</a></li>
															<li class="footer-li"><a href="/genres?category=audio-books&genre=comedy" class="footer-a">Comedy</a></li>
															<li class="footer-li"><a href="/genres?category=audio-books&genre=crime-and-mystery" class="footer-a">Crime and Mystery</a></li>
															<li class="footer-li"><a href="/genres?category=audio-books&genre=drama" class="footer-a">Drama</a></li>
															<li class="footer-li"><a href="/genres?category=audio-books&genre=fantasy" class="footer-a">Fantasy</a></li>
															<li class="footer-li"><a href="/genres?category=audio-books&genre=horror" class="footer-a">Horror</a></li>
															<li class="footer-li"><a href="/genres?category=audio-books&genre=lgbtq" class="footer-a">LGBTQ</a></li>
															<li class="footer-li"><a href="/genres?category=audio-books&genre=romance" class="footer-a">Romance</a></li>
															<li class="footer-li"><a href="/genres?category=audio-books&genre=science-fiction" class="footer-a">Science Fiction</a></li>
															<li class="footer-li"><a href="/genres?category=audio-books&genre=slice-of-life" class="footer-a">Slice-of-Life</a></li>
															<li class="footer-li"><a href="/genres?category=audio-books&genre=special-interest" class="footer-a">Special Interest</a></li>
													</ul>
						<ul class="footer-ul">
							<li class="footer-li"><a href="/category/comics" class="footer-a main">Comics</a></li>
															<li class="footer-li"><a href="/genres?category=comics&genre=action-and-adventure" class="footer-a">Action and Adventure</a></li>
															<li class="footer-li"><a href="/genres?category=comics&genre=comedy" class="footer-a">Comedy</a></li>
															<li class="footer-li"><a href="/genres?category=comics&genre=crime-and-mystery" class="footer-a">Crime and Mystery</a></li>
															<li class="footer-li"><a href="/genres?category=comics&genre=drama" class="footer-a">Drama</a></li>
															<li class="footer-li"><a href="/genres?category=comics&genre=fantasy" class="footer-a">Fantasy</a></li>
															<li class="footer-li"><a href="/genres?category=comics&genre=horror" class="footer-a">Horror</a></li>
															<li class="footer-li"><a href="/genres?category=comics&genre=lgbtq" class="footer-a">LGBTQ</a></li>
															<li class="footer-li"><a href="/genres?category=comics&genre=media-tie-ins" class="footer-a">Media Tie-ins</a></li>
															<li class="footer-li"><a href="/genres?category=comics&genre=romance" class="footer-a">Romance</a></li>
															<li class="footer-li"><a href="/genres?category=comics&genre=science-fiction" class="footer-a">Science Fiction</a></li>
															<li class="footer-li"><a href="/genres?category=comics&genre=slice-of-life" class="footer-a">Slice-of-Life</a></li>
															<li class="footer-li"><a href="/genres?category=comics&genre=special-interest" class="footer-a">Special Interest</a></li>
													</ul>
						<ul class="footer-ul">
							<li class="footer-li"><a href="/category/digital-ebooks" class="footer-a main">Digital</a></li>
															<li class="footer-li"><a href="/genres?category=digital-ebooks&genre=action-and-adventure" class="footer-a">Action and Adventure</a></li>
															<li class="footer-li"><a href="/genres?category=digital-ebooks&genre=comedy" class="footer-a">Comedy</a></li>
															<li class="footer-li"><a href="/genres?category=digital-ebooks&genre=crime-and-mystery" class="footer-a">Crime and Mystery</a></li>
															<li class="footer-li"><a href="/genres?category=digital-ebooks&genre=drama" class="footer-a">Drama</a></li>
															<li class="footer-li"><a href="/genres?category=digital-ebooks&genre=fantasy" class="footer-a">Fantasy</a></li>
															<li class="footer-li"><a href="/genres?category=digital-ebooks&genre=horror" class="footer-a">Horror</a></li>
															<li class="footer-li"><a href="/genres?category=digital-ebooks&genre=lgbtq" class="footer-a">LGBTQ</a></li>
															<li class="footer-li"><a href="/genres?category=digital-ebooks&genre=romance" class="footer-a">Romance</a></li>
															<li class="footer-li"><a href="/genres?category=digital-ebooks&genre=science-fiction" class="footer-a">Science Fiction</a></li>
															<li class="footer-li"><a href="/genres?category=digital-ebooks&genre=slice-of-life" class="footer-a">Slice-of-Life</a></li>
															<li class="footer-li"><a href="/genres?category=digital-ebooks&genre=special-interest" class="footer-a">Special Interest</a></li>
													</ul>
					</div>
					<!--  -->
					<div class="center-footer fade">
						<p class="footer-cat-title">Other</p>
						<ul class="other-footer-ul">
							<li class="footer-li"><a href="/community" class="footer-a s-bold">YP Community</a></li>
							<li class="footer-li"><a href="/news" class="footer-a s-bold">YP News</a></li>
							<li class="footer-li"><a href="/calendar" class="footer-a s-bold">Calendar</a></li>
							<li class="footer-li"><a href="/about" class="footer-a s-bold">About</a></li>
							<li class="footer-li"><a href="/careers" class="footer-a s-bold">Careers</a></li>
							<li class="footer-li"><a href="/faq" class="footer-a s-bold">FAQs</a></li>
							<li class="footer-li"><a href="/for-retailer" class="footer-a s-bold">For Retailers</a></li>
							<li class="footer-li"><a href="/eu-economic-operators" class="footer-a s-bold">EU Economic Operators</a></li>
														<li class="footer-li"><a href="/contacts" class="footer-a s-bold">Contact Us</a></li>
						</ul>
						<ul class="other-footer-ul">
							<li class="footer-li"><span class="footer-a main">Imprints</span></li>
															<li class="footer-li"><a href="/imprint/yp" class="footer-a">Yen Press</a></li>
															<li class="footer-li"><a href="/imprint/yen-on" class="footer-a">Yen On</a></li>
															<li class="footer-li"><a href="/imprint/jy" class="footer-a">JY</a></li>
															<li class="footer-li"><a href="/imprint/yen-audio" class="footer-a">Yen Audio</a></li>
															<li class="footer-li"><a href="/imprint/ize" class="footer-a">Ize Press</a></li>
															<li class="footer-li"><a href="/imprint/jnc" class="footer-a">J-Novel Club</a></li>
													</ul>
					</div>
					<!--  -->
					<div class="right-side-footer fade">
						<p class="footer-a s-bold">Subscribe To Our Newsletter</p>
						<form action="/newsletter" method="POST" class="newsletter-form prel" id="newsletter-footer-form">
                                                    <input type="hidden" name="_csrfToken" value="mShH2UJ61MMUmPGeuXSR4KAl6Y2m2rOI59c0+6Dmye8Jlibv6ksIKCiOuvID3nnEQBLootoGaraNu7556cg1SJH9mNUoPxX0xEOPupTv1r2EsVeYmNLxjm2mF93bLjkZTOuKxTLpTPAmId+R7DEO0g==">
                        							<input type="text" id="newsletter_email" name="newsletter_email" class="newsletter-input" placeholder="*Write Your Email">
							<label for="newsletter_email" class="sr-only">Write Your Email</label>
							<div class="error-subscr"></div>
							<div class="success-subscr">Thank you for subscribing</div>
							<button class="newsletter-submit" id="newsletter-footer-submit">Sign Up</button>
						</form>
						<p class="newsletter-p">*By clicking ‘Sign Up,’ I acknowledge that I have read and agree to Yen Press’s
						    <a href="/privacy-policy">
						        Privacy Policy
						    </a>
						    and
						    <a href="/terms-and-conditions">
						        Terms of Use
						    </a>
                        </p>
						<div class="follow-footer">
							<p class="follow-txt">Follow us on:</p>
							<div class="follow-holder">
								<a href="https://www.facebook.com/yenpress?fref=ts" class="follow-item" target="_blank">
									<img src="/images/icons/fb-white.svg" alt="facebook">
								</a>
																								<a href="https://twitter.com/yenpress" class="follow-item" target="_blank">
									<img src="/images/icons/twitter-white.svg" alt="twitter">
								</a>
								<a href="https://www.instagram.com/yenpress/" class="follow-item" target="_blank">
									<img src="/images/icons/instagram-white.svg" alt="instagram">
								</a>
							</div>
						</div>
					</div>
				</div>
				<!--  -->
				<div class="footer-copyright fade">
					<div class="copy">
						<p>Copyright © <script type="75b4f489a850037a95f5f752-text/javascript">document.write(new Date().getFullYear());</script> Yen Press</p>
					</div>
					<div class="privacy-links">
						<a href="/terms-and-conditions">Terms of Use</a>
						<a href="/privacy-policy">Privacy Policy</a>
						<a href="/accessibility-statement">Accessibility Statement</a>
					</div>
					<div class="design">
						<a href="https://edesigninteractive.com/" target="_blank">Site by: <img src="/images/icons/edesign.svg" alt="eDesign"> eDesign</a>
					</div>
				</div>
			</div>
		</div>
	</div>
</footer>
        <!-- ie browser check -->
        <script type="75b4f489a850037a95f5f752-text/javascript">
            var isIE = !!document.documentMode;
            if (isIE) {
                var body = document.querySelector('html');
                body.classList.add('ie-browser');
            }
        </script>
        
        <script src="/js/additional-polyfills.js?v=20241017" type="75b4f489a850037a95f5f752-text/javascript"></script>
        <script src="/js/manifest.js?v=20250401" type="75b4f489a850037a95f5f752-text/javascript"></script>
        <script src="/js/vendor.js?v=20250401" type="75b4f489a850037a95f5f752-text/javascript"></script>
        <script src="/js/app.js?v=20250401" type="75b4f489a850037a95f5f752-text/javascript"></script>

        	  </div>
    <script src="/cdn-cgi/scripts/7d0fa10a/cloudflare-static/rocket-loader.min.js" data-cf-settings="75b4f489a850037a95f5f752-|49" defer></script></body>
</html>

